
> Configure project :
MixinGradle did not locate the diffplug APT plugin, skipping eclipse task configuration

> Task :downloadMcpConfig
> Task :extractSrg UP-TO-DATE
> Task :createMcpToSrg UP-TO-DATE

> Task :compileJava
./gradlew : Note: SpongePowered MIXIN Annotation Processor Version=0.8.5 (MixinGradle Version=0.7)
At line:2 char:1
+ ./gradlew compileJava --console=plain *> compile.log
+ ~~~~~~~~~~~~~~~~~~~~~~~~~~~~~~~~~~~~~~~~~~~~~~~~~~~~
    + CategoryInfo          : NotSpecified: (Note: SpongePow...le Version=0.7):String) [], RemoteException
    + FullyQualifiedErrorId : NativeCommandError
 
Note: Supported obfuscation types: ObfuscationServiceMCP supports [notch] ObfuscationServiceFG3 supports [searge]
Note: Loading searge mappings from D:\Ars Zero 1.20.1\Ars-Zero-1.20.1-main\build\createMcpToSrg\output.tsrg
Note: Writing refmap to D:\Ars Zero 1.20.1\Ars-Zero-1.20.1-main\build\tmp\compileJava\compileJava-refmap.json
Note: Writing refmap to D:\Ars Zero 1.20.1\Ars-Zero-1.20.1-main\build\tmp\compileJava\compileJava-refmap.json
Note: Writing searge composite mappings to D:\Ars Zero 
1.20.1\Ars-Zero-1.20.1-main\build\tmp\compileJava\compileJava-mappings.tsrg
Note: Writing refmap to D:\Ars Zero 1.20.1\Ars-Zero-1.20.1-main\build\tmp\compileJava\compileJava-refmap.json
Note: Writing refmap to D:\Ars Zero 1.20.1\Ars-Zero-1.20.1-main\build\tmp\compileJava\compileJava-refmap.json
Note: Writing searge composite mappings to D:\Ars Zero 
1.20.1\Ars-Zero-1.20.1-main\build\tmp\compileJava\compileJava-mappings.tsrg
D:\Ars Zero 1.20.1\Ars-Zero-1.20.1-main\src\main\java\com\github\ars_zero\ArsZero.java:131: warning: [removal] get() 
in FMLJavaModLoadingContext has been deprecated and marked for removal
        IEventBus modEventBus = FMLJavaModLoadingContext.get().getModEventBus();
                                                        ^
D:\Ars Zero 1.20.1\Ars-Zero-1.20.1-main\src\main\java\com\github\ars_zero\ArsZero.java:156: warning: [removal] get() 
in ModLoadingContext has been deprecated and marked for removal
        ModLoadingContext.get().registerConfig(ModConfig.Type.SERVER, ServerConfig.SERVER_CONFIG);
                         ^
D:\Ars Zero 1.20.1\Ars-Zero-1.20.1-main\src\main\java\com\github\ars_zero\client\ArsZeroClient.java:81: warning: 
[removal] setRenderLayer(Block,RenderType) in ItemBlockRenderTypes has been deprecated and marked for removal
            ItemBlockRenderTypes.setRenderLayer(ModBlocks.BLIGHT_VEIN.get(), RenderType.cutout());
                                ^
D:\Ars Zero 
1.20.1\Ars-Zero-1.20.1-main\src\main\java\com\github\ars_zero\client\gui\AbstractMultiPhaseCastDeviceScreen.java:577: 
warning: [removal] findEquippedCurio(Predicate<ItemStack>,LivingEntity) in ICuriosHelper has been deprecated and 
marked for removal
                    .findEquippedCurio(
                    ^
D:\Ars Zero 1.20.1\Ars-Zero-1.20.1-main\src\main\java\com\hollingsworth\arsnouveau\api\documentation\DocAssets.java:6: 
warning: [removal] ResourceLocation(String,String) in ResourceLocation has been deprecated and marked for removal
    private static final ResourceLocation WIDGETS = new ResourceLocation("minecraft", "textures/gui/widgets.png");
                                                    ^
D:\Ars Zero 1.20.1\Ars-Zero-1.20.1-main\src\main\java\com\github\ars_zero\client\gui\CastingStyleScreen.java:566: 
warning: [removal] findEquippedCurio(Predicate<ItemStack>,LivingEntity) in ICuriosHelper has been deprecated and 
marked for removal
                        .findEquippedCurio(
                        ^
D:\Ars Zero 
1.20.1\Ars-Zero-1.20.1-main\src\main\java\com\github\ars_zero\client\gui\MultiphaseDeviceStylesScreen.java:248: 
warning: [removal] findEquippedCurio(Predicate<ItemStack>,LivingEntity) in ICuriosHelper has been deprecated and 
marked for removal
                        .findEquippedCurio(
                        ^
D:\Ars Zero 1.20.1\Ars-Zero-1.20.1-main\src\main\java\com\github\ars_zero\common\entity\BlockGroupEntity.java:211: 
warning: [removal] destroyRespectsClaim(LivingEntity,Level,BlockPos) in BlockUtil has been deprecated and marked for 
removal
                    if (caster != null && !BlockUtil.destroyRespectsClaim(caster, level(), originalPos)) {
                                                    ^
D:\Ars Zero 
1.20.1\Ars-Zero-1.20.1-main\src\main\java\com\github\ars_zero\common\entity\break_blocks\GeometryBreakEntity.java:180: 
warning: [removal] destroyRespectsClaim(LivingEntity,Level,BlockPos) in BlockUtil has been deprecated and marked for 
removal
    if (!BlockUtil.destroyRespectsClaim(player, level, pos)) {
                  ^
D:\Ars Zero 
1.20.1\Ars-Zero-1.20.1-main\src\main\java\com\github\ars_zero\common\entity\break_blocks\GeometryBreakEntity.java:202: 
warning: [removal] tryPropagateBlockSpell(BlockHitResult,Level,LivingEntity,SpellContext,SpellResolver) in 
ShapersFocus has been deprecated and marked for removal
      ShapersFocus.tryPropagateBlockSpell(
                  ^
D:\Ars Zero 
1.20.1\Ars-Zero-1.20.1-main\src\main\java\com\github\ars_zero\common\entity\terrain\GeometryTerrainEntity.java:257: 
warning: [removal] tryPropagateBlockSpell(BlockHitResult,Level,LivingEntity,SpellContext,SpellResolver) in 
ShapersFocus has been deprecated and marked for removal
                    ShapersFocus.tryPropagateBlockSpell(
                                ^
D:\Ars Zero 
1.20.1\Ars-Zero-1.20.1-main\src\main\java\com\github\ars_zero\common\item\multi\AbstractMultiPhaseCastDevice.java:511: 
error: cannot find symbol
            context.arcaneCircleEntity.setCurrentSchoolId(schoolBoneId);
                                      ^
  symbol:   method setCurrentSchoolId(String)
  location: variable arcaneCircleEntity of type Entity
D:\Ars Zero 
1.20.1\Ars-Zero-1.20.1-main\src\main\java\com\github\ars_zero\common\item\multi\AbstractMultiPhaseCastDevice.java:565: 
error: cannot find symbol
            context.arcaneCircleEntity.scheduleDiscard();
                                      ^
  symbol:   method scheduleDiscard()
  location: variable arcaneCircleEntity of type Entity
D:\Ars Zero 
1.20.1\Ars-Zero-1.20.1-main\src\main\java\com\github\ars_zero\common\item\multi\AbstractMultiPhaseCastDevice.java:741: 
error: cannot find symbol
        var sound = com.hollingsworth.arsnouveau.api.registry.SpellSoundRegistry.get(ResourceLocation.parse(soundId));
                                                                                ^
  symbol:   method get(ResourceLocation)
  location: class SpellSoundRegistry
D:\Ars Zero 
1.20.1\Ars-Zero-1.20.1-main\src\main\java\com\github\ars_zero\common\item\multi\AbstractMultiPhaseCastDevice.java:755: 
error: cannot find symbol
        var sound = com.hollingsworth.arsnouveau.api.registry.SpellSoundRegistry.get(ResourceLocation.parse(soundId));
                                                                                ^
  symbol:   method get(ResourceLocation)
  location: class SpellSoundRegistry
D:\Ars Zero 
1.20.1\Ars-Zero-1.20.1-main\src\main\java\com\github\ars_zero\common\item\multi\AbstractMultiPhaseCastDevice.java:769: 
error: cannot find symbol
        var sound = com.hollingsworth.arsnouveau.api.registry.SpellSoundRegistry.get(ResourceLocation.parse(soundId));
                                                                                ^
  symbol:   method get(ResourceLocation)
  location: class SpellSoundRegistry
D:\Ars Zero 1.20.1\Ars-Zero-1.20.1-main\src\main\java\com\github\ars_zero\common\item\AbstractStaff.java:107: error: 
method does not override or implement a method from a supertype
    @Override
    ^
D:\Ars Zero 
1.20.1\Ars-Zero-1.20.1-main\src\main\java\com\github\ars_zero\common\block\tile\BoneChestBlockEntity.java:102: error: 
method does not override or implement a method from a supertype
    @Override
    ^
D:\Ars Zero 
1.20.1\Ars-Zero-1.20.1-main\src\main\java\com\github\ars_zero\common\block\tile\BoneChestBlockEntity.java:104: error: 
cannot find symbol
        super.loadAdditional(tag, provider);
             ^
  symbol: method loadAdditional(CompoundTag,Provider)
D:\Ars Zero 
1.20.1\Ars-Zero-1.20.1-main\src\main\java\com\github\ars_zero\common\block\tile\BoneChestBlockEntity.java:107: error: 
method loadAllItems in class ContainerHelper cannot be applied to given types;
            ContainerHelper.loadAllItems(tag, this.items, provider);
                           ^
  required: CompoundTag,NonNullList<ItemStack>
  found:    CompoundTag,NonNullList<ItemStack>,Provider
  reason: actual and formal argument lists differ in length
D:\Ars Zero 
1.20.1\Ars-Zero-1.20.1-main\src\main\java\com\github\ars_zero\common\block\tile\BoneChestBlockEntity.java:111: error: 
method does not override or implement a method from a supertype
    @Override
    ^
D:\Ars Zero 
1.20.1\Ars-Zero-1.20.1-main\src\main\java\com\github\ars_zero\common\block\tile\BoneChestBlockEntity.java:113: error: 
method saveAdditional in class BaseContainerBlockEntity cannot be applied to given types;
        super.saveAdditional(tag, provider);
             ^
  required: CompoundTag
  found:    CompoundTag,Provider
  reason: actual and formal argument lists differ in length
D:\Ars Zero 
1.20.1\Ars-Zero-1.20.1-main\src\main\java\com\github\ars_zero\common\block\tile\BoneChestBlockEntity.java:115: error: 
incompatible types: Provider cannot be converted to boolean
            ContainerHelper.saveAllItems(tag, this.items, provider);
                                                          ^
D:\Ars Zero 
1.20.1\Ars-Zero-1.20.1-main\src\main\java\com\github\ars_zero\client\renderer\item\CreativeSpellStaffRenderer.java:30: 
error: method does not override or implement a method from a supertype
    @Override
    ^
D:\Ars Zero 
1.20.1\Ars-Zero-1.20.1-main\src\main\java\com\github\ars_zero\client\renderer\item\CreativeSpellStaffRenderer.java:86: 
error: method preRender in class GeoItemRenderer<T> cannot be applied to given types;
        this.preRender(poseStack, animatable, model, bufferSource, buffer, false, partialTick, packedLight, 
packedOverlay, packedColor);
            ^
  required: PoseStack,AbstractSpellStaff,BakedGeoModel,MultiBufferSource,VertexConsumer,boolean,float,int,int,float,flo
at,float,float
  found:    PoseStack,AbstractSpellStaff,BakedGeoModel,MultiBufferSource,VertexConsumer,boolean,float,int,int,int
  reason: actual and formal argument lists differ in length
  where T is a type-variable:
    T extends Item,GeoAnimatable declared in class GeoItemRenderer
D:\Ars Zero 
1.20.1\Ars-Zero-1.20.1-main\src\main\java\com\github\ars_zero\client\renderer\item\CreativeSpellStaffRenderer.java:89: 
error: method actuallyRender in class GeoItemRenderer<T> cannot be applied to given types;
            this.actuallyRender(poseStack, animatable, model, renderType, bufferSource, buffer, false, partialTick, 
packedLight, packedOverlay, packedColor);
                ^
  required: PoseStack,AbstractSpellStaff,BakedGeoModel,RenderType,MultiBufferSource,VertexConsumer,boolean,float,int,in
t,float,float,float,float
  found:    
PoseStack,AbstractSpellStaff,BakedGeoModel,RenderType,MultiBufferSource,VertexConsumer,boolean,float,int,int,int
  reason: actual and formal argument lists differ in length
  where T is a type-variable:
    T extends Item,GeoAnimatable declared in class GeoItemRenderer
D:\Ars Zero 
1.20.1\Ars-Zero-1.20.1-main\src\main\java\com\github\ars_zero\client\renderer\item\CreativeSpellStaffRenderer.java:91: 
error: method postRender in interface GeoRenderer<T> cannot be applied to given types;
            this.postRender(poseStack, animatable, model, bufferSource, buffer, false, partialTick, packedLight, 
packedOverlay, packedColor);
                ^
  required: PoseStack,AbstractSpellStaff,BakedGeoModel,MultiBufferSource,VertexConsumer,boolean,float,int,int,float,flo
at,float,float
  found:    PoseStack,AbstractSpellStaff,BakedGeoModel,MultiBufferSource,VertexConsumer,boolean,float,int,int,int
  reason: actual and formal argument lists differ in length
  where T is a type-variable:
    T extends GeoAnimatable declared in interface GeoRenderer
D:\Ars Zero 
1.20.1\Ars-Zero-1.20.1-main\src\main\java\com\github\ars_zero\client\renderer\item\CreativeSpellStaffRenderer.java:96: 
error: method renderFinal in interface GeoRenderer<T> cannot be applied to given types;
        this.renderFinal(poseStack, animatable, model, bufferSource, buffer, partialTick, packedLight, packedOverlay, 
packedColor);
            ^
  required: 
PoseStack,AbstractSpellStaff,BakedGeoModel,MultiBufferSource,VertexConsumer,float,int,int,float,float,float,float
  found:    PoseStack,AbstractSpellStaff,BakedGeoModel,MultiBufferSource,VertexConsumer,float,int,int,int
  reason: actual and formal argument lists differ in length
  where T is a type-variable:
    T extends GeoAnimatable declared in interface GeoRenderer
D:\Ars Zero 1.20.1\Ars-Zero-1.20.1-main\src\main\java\com\github\ars_zero\common\item\FilialItem.java:139: error: 
method does not override or implement a method from a supertype
    @Override
    ^
D:\Ars Zero 1.20.1\Ars-Zero-1.20.1-main\src\main\java\com\github\ars_zero\client\renderer\item\MultiphaseTurretItemRend
erer.java:33: error: cannot find symbol
            return com.hollingsworth.arsnouveau.ArsNouveau.prefix("textures/block/basic_spell_turret.png");
                                                          ^
  symbol:   method prefix(String)
  location: class ArsNouveau
D:\Ars Zero 
1.20.1\Ars-Zero-1.20.1-main\src\main\java\com\github\ars_zero\client\renderer\item\SpellStaffStyleRenderer.java:39: 
error: method does not override or implement a method from a supertype
    @Override
    ^
D:\Ars Zero 
1.20.1\Ars-Zero-1.20.1-main\src\main\java\com\github\ars_zero\client\renderer\item\SpellStaffStyleRenderer.java:64: 
error: method preRender in class GeoItemRenderer<T> cannot be applied to given types;
        super.preRender(poseStack, animatable, model, bufferSource, buffer, isReRender, partialTick, packedLight, 
packedOverlay, color);
             ^
  required: 
PoseStack,AbstractStaff,BakedGeoModel,MultiBufferSource,VertexConsumer,boolean,float,int,int,float,float,float,float
  found:    PoseStack,AbstractStaff,BakedGeoModel,MultiBufferSource,VertexConsumer,boolean,float,int,int,int
  reason: actual and formal argument lists differ in length
  where T is a type-variable:
    T extends Item,GeoAnimatable declared in class GeoItemRenderer
D:\Ars Zero 
1.20.1\Ars-Zero-1.20.1-main\src\main\java\com\github\ars_zero\client\renderer\item\SpellStaffStyleRenderer.java:67: 
error: method does not override or implement a method from a supertype
    @Override
    ^
D:\Ars Zero 
1.20.1\Ars-Zero-1.20.1-main\src\main\java\com\github\ars_zero\client\renderer\item\SpellStaffStyleRenderer.java:71: 
error: method postRender in interface GeoRenderer<T> cannot be applied to given types;
        super.postRender(poseStack, animatable, model, bufferSource, buffer,
             ^
  required: 
PoseStack,AbstractStaff,BakedGeoModel,MultiBufferSource,VertexConsumer,boolean,float,int,int,float,float,float,float
  found:    PoseStack,AbstractStaff,BakedGeoModel,MultiBufferSource,VertexConsumer,boolean,float,int,int,int
  reason: actual and formal argument lists differ in length
  where T is a type-variable:
    T extends GeoAnimatable declared in interface GeoRenderer
D:\Ars Zero 
1.20.1\Ars-Zero-1.20.1-main\src\main\java\com\github\ars_zero\client\renderer\item\SpellStaffStyleRenderer.java:125: 
error: method does not override or implement a method from a supertype
    @Override
    ^
D:\Ars Zero 
1.20.1\Ars-Zero-1.20.1-main\src\main\java\com\github\ars_zero\client\renderer\item\SpellStaffStyleRenderer.java:173: 
error: method actuallyRender in class GeoItemRenderer<T> cannot be applied to given types;
            this.actuallyRender(poseStack, animatable, model, renderType, bufferSource, buffer, false, partialTick, 
packedLight, packedOverlay, packedColor);
                ^
  required: PoseStack,AbstractStaff,BakedGeoModel,RenderType,MultiBufferSource,VertexConsumer,boolean,float,int,int,flo
at,float,float,float
  found:    PoseStack,AbstractStaff,BakedGeoModel,RenderType,MultiBufferSource,VertexConsumer,boolean,float,int,int,int
  reason: actual and formal argument lists differ in length
  where T is a type-variable:
    T extends Item,GeoAnimatable declared in class GeoItemRenderer
D:\Ars Zero 
1.20.1\Ars-Zero-1.20.1-main\src\main\java\com\github\ars_zero\client\renderer\item\SpellStaffStyleRenderer.java:179: 
error: method renderFinal in interface GeoRenderer<T> cannot be applied to given types;
        this.renderFinal(poseStack, animatable, model, bufferSource, buffer, partialTick, packedLight, packedOverlay, 
packedColor);
            ^
  required: 
PoseStack,AbstractStaff,BakedGeoModel,MultiBufferSource,VertexConsumer,float,int,int,float,float,float,float
  found:    PoseStack,AbstractStaff,BakedGeoModel,MultiBufferSource,VertexConsumer,float,int,int,int
  reason: actual and formal argument lists differ in length
  where T is a type-variable:
    T extends GeoAnimatable declared in interface GeoRenderer
D:\Ars Zero 1.20.1\Ars-Zero-1.20.1-main\src\main\java\com\github\ars_zero\common\block\BlightCauldronBlock.java:135: 
error: getAnalogOutputSignal(BlockState,Level,BlockPos) in BlightCauldronBlock cannot override 
getAnalogOutputSignal(BlockState,Level,BlockPos) in BlockBehaviour
    protected int getAnalogOutputSignal(BlockState state, Level level, BlockPos pos) {
                  ^
  attempting to assign weaker access privileges; was public
D:\Ars Zero 1.20.1\Ars-Zero-1.20.1-main\src\main\java\com\github\ars_zero\common\block\BlightCauldronBlock.java:140: 
error: entityInside(BlockState,Level,BlockPos,Entity) in BlightCauldronBlock cannot override 
entityInside(BlockState,Level,BlockPos,Entity) in BlockBehaviour
    protected void entityInside(BlockState state, Level level, BlockPos pos, Entity entity) {
                   ^
  attempting to assign weaker access privileges; was public
D:\Ars Zero 
1.20.1\Ars-Zero-1.20.1-main\src\main\java\com\github\ars_zero\common\block\BlightCauldronBlockEntity.java:37: error: 
method does not override or implement a method from a supertype
    @Override
    ^
D:\Ars Zero 
1.20.1\Ars-Zero-1.20.1-main\src\main\java\com\github\ars_zero\common\block\BlightCauldronBlockEntity.java:39: error: 
method saveAdditional in class BlockEntity cannot be applied to given types;
        super.saveAdditional(tag, registries);
             ^
  required: CompoundTag
  found:    CompoundTag,Provider
  reason: actual and formal argument lists differ in length
D:\Ars Zero 
1.20.1\Ars-Zero-1.20.1-main\src\main\java\com\github\ars_zero\common\block\BlightCauldronBlockEntity.java:43: error: 
method does not override or implement a method from a supertype
    @Override
    ^
D:\Ars Zero 
1.20.1\Ars-Zero-1.20.1-main\src\main\java\com\github\ars_zero\common\block\BlightCauldronBlockEntity.java:45: error: 
cannot find symbol
        super.loadAdditional(tag, registries);
             ^
  symbol: method loadAdditional(CompoundTag,Provider)
D:\Ars Zero 1.20.1\Ars-Zero-1.20.1-main\src\main\java\com\github\ars_zero\common\block\BlightVeinBlock.java:10: error: 
cannot find symbol
    private static final MapCodec<BlightVeinBlock> CODEC = simpleCodec(BlightVeinBlock::new);
                                                           ^
  symbol:   method simpleCodec(BlightVein[...]::new)
  location: class BlightVeinBlock
D:\Ars Zero 1.20.1\Ars-Zero-1.20.1-main\src\main\java\com\github\ars_zero\common\block\BlightVeinBlock.java:17: error: 
method does not override or implement a method from a supertype
    @Override
    ^
D:\Ars Zero 1.20.1\Ars-Zero-1.20.1-main\src\main\java\com\github\ars_zero\common\block\BoneChestBlock.java:40: error: 
cannot find symbol
    public static final MapCodec<BoneChestBlock> CODEC = simpleCodec(p -> new BoneChestBlock());
                                                         ^
  symbol:   method simpleCodec((p)->new B[...]ock())
  location: class BoneChestBlock
D:\Ars Zero 1.20.1\Ars-Zero-1.20.1-main\src\main\java\com\github\ars_zero\common\block\BoneChestBlock.java:59: error: 
method does not override or implement a method from a supertype
    @Override
    ^
D:\Ars Zero 1.20.1\Ars-Zero-1.20.1-main\src\main\java\com\github\ars_zero\common\block\interaction\DestroyFloraInteract
ion.java:24: error: cannot find symbol
               state.getBlock() == Blocks.SHORT_GRASS ||
                                         ^
  symbol:   variable SHORT_GRASS
  location: class Blocks
D:\Ars Zero 1.20.1\Ars-Zero-1.20.1-main\src\main\java\com\github\ars_zero\common\block\MultiphaseSpellTurret.java:122: 
error: cannot find symbol
        String json = spell.toJson();
                           ^
  symbol:   method toJson()
  location: variable spell of type Spell
D:\Ars Zero 1.20.1\Ars-Zero-1.20.1-main\src\main\java\com\github\ars_zero\common\block\MultiphaseSpellTurret.java:123: 
error: cannot find symbol
        return json.isEmpty() ? new Spell() : Spell.fromJson(json);
                                                   ^
  symbol:   method fromJson(String)
  location: class Spell
D:\Ars Zero 1.20.1\Ars-Zero-1.20.1-main\src\main\java\com\github\ars_zero\common\block\OssuaryBeaconBlock.java:25: 
error: cannot find symbol
    public static final MapCodec<OssuaryBeaconBlock> CODEC = simpleCodec(p -> new OssuaryBeaconBlock());
                                                             ^
  symbol:   method simpleCodec((p)->new O[...]ock())
  location: class OssuaryBeaconBlock
D:\Ars Zero 1.20.1\Ars-Zero-1.20.1-main\src\main\java\com\github\ars_zero\common\block\OssuaryBeaconBlock.java:35: 
error: method does not override or implement a method from a supertype
    @Override
    ^
D:\Ars Zero 
1.20.1\Ars-Zero-1.20.1-main\src\main\java\com\github\ars_zero\common\block\OssuaryBeaconBlockEntity.java:47: error: 
method does not override or implement a method from a supertype
    @Override
    ^
D:\Ars Zero 
1.20.1\Ars-Zero-1.20.1-main\src\main\java\com\github\ars_zero\common\block\OssuaryBeaconBlockEntity.java:49: error: 
method saveAdditional in class BlockEntity cannot be applied to given types;
        super.saveAdditional(tag, registries);
             ^
  required: CompoundTag
  found:    CompoundTag,Provider
  reason: actual and formal argument lists differ in length
D:\Ars Zero 
1.20.1\Ars-Zero-1.20.1-main\src\main\java\com\github\ars_zero\common\block\OssuaryBeaconBlockEntity.java:59: error: 
method does not override or implement a method from a supertype
    @Override
    ^
D:\Ars Zero 
1.20.1\Ars-Zero-1.20.1-main\src\main\java\com\github\ars_zero\common\block\OssuaryBeaconBlockEntity.java:61: error: 
cannot find symbol
        super.loadAdditional(tag, registries);
             ^
  symbol: method loadAdditional(CompoundTag,Provider)
D:\Ars Zero 1.20.1\Ars-Zero-1.20.1-main\src\main\java\com\github\ars_zero\common\block\StaffDisplayBlock.java:76: 
error: playerWillDestroy(Level,BlockPos,BlockState,Player) in StaffDisplayBlock cannot override 
playerWillDestroy(Level,BlockPos,BlockState,Player) in ArcanePedestal
    public BlockState playerWillDestroy(Level level, BlockPos pos, BlockState state, Player player) {
                      ^
  return type BlockState is not compatible with void
D:\Ars Zero 1.20.1\Ars-Zero-1.20.1-main\src\main\java\com\github\ars_zero\common\block\StaffDisplayBlock.java:75: 
error: method does not override or implement a method from a supertype
    @Override
    ^
D:\Ars Zero 
1.20.1\Ars-Zero-1.20.1-main\src\main\java\com\github\ars_zero\common\block\VoxelSpawnerBlockEntity.java:189: error: 
method does not override or implement a method from a supertype
    @Override
    ^
D:\Ars Zero 
1.20.1\Ars-Zero-1.20.1-main\src\main\java\com\github\ars_zero\common\block\VoxelSpawnerBlockEntity.java:191: error: 
method saveAdditional in class BlockEntity cannot be applied to given types;
        super.saveAdditional(tag, registries);
             ^
  required: CompoundTag
  found:    CompoundTag,Provider
  reason: actual and formal argument lists differ in length
D:\Ars Zero 
1.20.1\Ars-Zero-1.20.1-main\src\main\java\com\github\ars_zero\common\block\VoxelSpawnerBlockEntity.java:200: error: 
method does not override or implement a method from a supertype
    @Override
    ^
D:\Ars Zero 
1.20.1\Ars-Zero-1.20.1-main\src\main\java\com\github\ars_zero\common\block\VoxelSpawnerBlockEntity.java:202: error: 
cannot find symbol
        super.loadAdditional(tag, registries);
             ^
  symbol: method loadAdditional(CompoundTag,Provider)
D:\Ars Zero 1.20.1\Ars-Zero-1.20.1-main\src\main\java\com\github\ars_zero\common\datagen\DyeRecipeDatagen.java:47: 
error: constructor DyeRecipe in class DyeRecipe cannot be applied to given types;
        var dyeRecipe = new DyeRecipe("", CraftingBookCategory.MISC, inputItem.asItem().getDefaultInstance(), 
NonNullList.of(Ingredient.EMPTY, Ingredient.of(Tags.Items.DYES), Ingredient.of(inputItem)));
                        ^
  required: ResourceLocation,String,CraftingBookCategory,ItemStack,NonNullList<Ingredient>
  found:    String,CraftingBookCategory,ItemStack,NonNullList<Ingredient>
  reason: actual and formal argument lists differ in length
D:\Ars Zero 1.20.1\Ars-Zero-1.20.1-main\src\main\java\com\github\ars_zero\common\datagen\DyeRecipeDatagen.java:49: 
error: cannot find symbol
        JsonElement recipeJson = Recipe.CODEC.encodeStart(JsonOps.INSTANCE, dyeRecipe).getOrThrow();
                                       ^
  symbol:   variable CODEC
  location: interface Recipe
D:\Ars Zero 1.20.1\Ars-Zero-1.20.1-main\src\main\java\com\github\ars_zero\common\datagen\WorldgenProvider.java:113: 
error: cannot find symbol
                    new SimpleBlockConfiguration(BlockStateProvider.simple(Blocks.SHORT_GRASS)),
                                                                                 ^
  symbol:   variable SHORT_GRASS
  location: class Blocks
D:\Ars Zero 
1.20.1\Ars-Zero-1.20.1-main\src\main\java\com\github\ars_zero\common\effect\WitherImmunityMobEffect.java:17: error: 
method does not override or implement a method from a supertype
    @Override
    ^
D:\Ars Zero 1.20.1\Ars-Zero-1.20.1-main\src\main\java\com\github\ars_zero\common\effect\ZeroGravityMobEffect.java:11: 
error: method does not override or implement a method from a supertype
    @Override
    ^
D:\Ars Zero 
1.20.1\Ars-Zero-1.20.1-main\src\main\java\com\github\ars_zero\common\entity\AbstractBlightedSkeleton.java:156: error: 
method does not override or implement a method from a supertype
    @Override
    ^
D:\Ars Zero 
1.20.1\Ars-Zero-1.20.1-main\src\main\java\com\github\ars_zero\common\entity\AbstractBlightedSkeleton.java:159: error: 
method finalizeSpawn in class AbstractSkeleton cannot be applied to given types;
        SpawnGroupData result = super.finalizeSpawn(level, difficulty, reason, data);
                                     ^
  required: ServerLevelAccessor,DifficultyInstance,MobSpawnType,SpawnGroupData,CompoundTag
  found:    ServerLevelAccessor,DifficultyInstance,MobSpawnType,@org.jetbrains.annotations.Nullable SpawnGroupData
  reason: actual and formal argument lists differ in length
D:\Ars Zero 
1.20.1\Ars-Zero-1.20.1-main\src\main\java\com\github\ars_zero\common\entity\AbstractBlightedSkeleton.java:427: error: 
cannot find symbol
        if (effect.getEffect().value() == MobEffects.WITHER) return false;
                              ^
  symbol:   method value()
  location: class MobEffect
D:\Ars Zero 1.20.1\Ars-Zero-1.20.1-main\src\main\java\com\github\ars_zero\common\entity\ai\LichSummonGoal.java:72: 
error: method finalizeSpawn in class Mob cannot be applied to given types;
        golem.finalizeSpawn((ServerLevelAccessor) serverLevel, 
serverLevel.getCurrentDifficultyAt(golem.blockPosition()), MobSpawnType.MOB_SUMMONED, null);
             ^
  required: ServerLevelAccessor,DifficultyInstance,MobSpawnType,SpawnGroupData,CompoundTag
  found:    ServerLevelAccessor,DifficultyInstance,MobSpawnType,<null>
  reason: actual and formal argument lists differ in length
D:\Ars Zero 
1.20.1\Ars-Zero-1.20.1-main\src\main\java\com\github\ars_zero\common\entity\ai\MageSkeletonBlinkGoal.java:99: error: 
no suitable method found for warpEntity(AbstractBlightedSkeleton,ServerLevel,BlockPos)
        EffectBlink.warpEntity(mob, serverLevel, dest);
                   ^
    method EffectBlink.warpEntity(Entity,WarpScrollData) is not applicable
      (actual and formal argument lists differ in length)
    method EffectBlink.warpEntity(Entity,BlockPos) is not applicable
      (actual and formal argument lists differ in length)
D:\Ars Zero 
1.20.1\Ars-Zero-1.20.1-main\src\main\java\com\github\ars_zero\common\entity\ai\MageSkeletonSummonGoal.java:93: error: 
method finalizeSpawn in class Mob cannot be applied to given types;
        summon.finalizeSpawn((ServerLevelAccessor) serverLevel, 
serverLevel.getCurrentDifficultyAt(summon.blockPosition()), MobSpawnType.MOB_SUMMONED, null);
              ^
  required: ServerLevelAccessor,DifficultyInstance,MobSpawnType,SpawnGroupData,CompoundTag
  found:    ServerLevelAccessor,DifficultyInstance,MobSpawnType,<null>
  reason: actual and formal argument lists differ in length
D:\Ars Zero 
1.20.1\Ars-Zero-1.20.1-main\src\main\java\com\github\ars_zero\common\entity\ai\MageSkeletonSummonGoal.java:94: error: 
incompatible types: DeferredHolder<MobEffect,WitherImmunityMobEffect> cannot be converted to MobEffect
        summon.addEffect(new MobEffectInstance(ModMobEffects.WITHER_IMMUNITY, SUMMON_DURATION_TICKS, 0, false, false));
                                                            ^
D:\Ars Zero 
1.20.1\Ars-Zero-1.20.1-main\src\main\java\com\github\ars_zero\common\entity\ai\NecromancerRitualGoal.java:197: error: 
method finalizeSpawn in class Zombie cannot be applied to given types;
            zombie.finalizeSpawn((ServerLevelAccessor) serverLevel, serverLevel.getCurrentDifficultyAt(spawnPos), 
MobSpawnType.MOB_SUMMONED, null);
                  ^
  required: ServerLevelAccessor,DifficultyInstance,MobSpawnType,SpawnGroupData,CompoundTag
  found:    ServerLevelAccessor,DifficultyInstance,MobSpawnType,<null>
  reason: actual and formal argument lists differ in length
D:\Ars Zero 
1.20.1\Ars-Zero-1.20.1-main\src\main\java\com\github\ars_zero\common\entity\ai\NecromancerRitualGoal.java:203: error: 
method finalizeSpawn in class AbstractSkeleton cannot be applied to given types;
            skeleton.finalizeSpawn((ServerLevelAccessor) serverLevel, serverLevel.getCurrentDifficultyAt(spawnPos), 
MobSpawnType.MOB_SUMMONED, null);
                    ^
  required: ServerLevelAccessor,DifficultyInstance,MobSpawnType,SpawnGroupData,CompoundTag
  found:    ServerLevelAccessor,DifficultyInstance,MobSpawnType,<null>
  reason: actual and formal argument lists differ in length
D:\Ars Zero 
1.20.1\Ars-Zero-1.20.1-main\src\main\java\com\github\ars_zero\common\entity\ai\SummonUndeadSpellBehaviour.java:69: 
error: method finalizeSpawn in class Mob cannot be applied to given types;
        summon.finalizeSpawn((ServerLevelAccessor) serverLevel, 
serverLevel.getCurrentDifficultyAt(summon.blockPosition()), MobSpawnType.MOB_SUMMONED, null);
              ^
  required: ServerLevelAccessor,DifficultyInstance,MobSpawnType,SpawnGroupData,CompoundTag
  found:    ServerLevelAccessor,DifficultyInstance,MobSpawnType,<null>
  reason: actual and formal argument lists differ in length
D:\Ars Zero 
1.20.1\Ars-Zero-1.20.1-main\src\main\java\com\github\ars_zero\common\entity\explosion\ExplosionShakeHelper.java:24: 
error: expression type ServerPlayer is a subtype of pattern type ServerPlayer
      if (!(player instanceof ServerPlayer serverPlayer)) {
                   ^
D:\Ars Zero 
1.20.1\Ars-Zero-1.20.1-main\src\main\java\com\github\ars_zero\common\entity\explosion\ExplosionSoundHelper.java:47: 
error: expression type ServerPlayer is a subtype of pattern type ServerPlayer
      if (player instanceof net.minecraft.server.level.ServerPlayer serverPlayer) {
                 ^
D:\Ars Zero 1.20.1\Ars-Zero-1.20.1-main\src\main\java\com\github\ars_zero\common\event\discount\AbstractConjureVoxelPow
erCostReductionEvents.java:32: error: cannot find symbol
        java.util.List<AbstractSpellPart> recipe = 
java.util.stream.StreamSupport.stream(event.context.getSpell().recipe().spliterator(), false).toList();
                                                                                                                 ^
  symbol:   method recipe()
  location: class Spell
D:\Ars Zero 
1.20.1\Ars-Zero-1.20.1-main\src\main\java\com\github\ars_zero\common\event\WitherImmunityEffectEvents.java:23: error: 
incompatible types: DeferredHolder<MobEffect,WitherImmunityMobEffect> cannot be converted to MobEffect
        if (!event.getEntity().hasEffect(ModMobEffects.WITHER_IMMUNITY)) {
                                                      ^
D:\Ars Zero 
1.20.1\Ars-Zero-1.20.1-main\src\main\java\com\github\ars_zero\common\event\WitherImmunityEffectEvents.java:34: error: 
incompatible types: DeferredHolder<MobEffect,WitherImmunityMobEffect> cannot be converted to MobEffect
        if (!event.getEntity().hasEffect(ModMobEffects.WITHER_IMMUNITY)) {
                                                      ^
D:\Ars Zero 
1.20.1\Ars-Zero-1.20.1-main\src\main\java\com\github\ars_zero\common\event\WitherImmunityEffectEvents.java:37: error: 
cannot find symbol
        if (event.getEffectInstance().getEffect().value() != MobEffects.WITHER) {
                                                 ^
  symbol:   method value()
  location: class MobEffect
D:\Ars Zero 
1.20.1\Ars-Zero-1.20.1-main\src\main\java\com\github\ars_zero\common\event\WitherImmunityEffectEvents.java:40: error: 
cannot find symbol
        event.setResult(MobEffectEvent.Applicable.Result.DO_NOT_APPLY);
                                                        ^
  symbol:   variable DO_NOT_APPLY
  location: class Result
D:\Ars Zero 
1.20.1\Ars-Zero-1.20.1-main\src\main\java\com\github\ars_zero\common\event\ZeroGravityMobEffectEvents.java:63: error: 
cannot find symbol
        return instance.getEffect().is(ModMobEffects.ZERO_GRAVITY.getKey());
                                                                 ^
  symbol:   method getKey()
  location: variable ZERO_GRAVITY of type DeferredHolder<MobEffect,ZeroGravityMobEffect>
D:\Ars Zero 1.20.1\Ars-Zero-1.20.1-main\src\main\java\com\github\ars_zero\common\glyph\AnchorEffect.java:379: error: 
method does not override or implement a method from a supertype
    @Override
    ^
D:\Ars Zero 1.20.1\Ars-Zero-1.20.1-main\src\main\java\com\github\ars_zero\common\glyph\AnchorEffect.java:381: error: 
cannot find symbol
        super.addAugmentDescriptions(map);
             ^
  symbol: method addAugmentDescriptions(Map<AbstractAugment,String>)
D:\Ars Zero 1.20.1\Ars-Zero-1.20.1-main\src\main\java\com\github\ars_zero\common\glyph\ConjureVoxelEffect.java:489: 
error: method does not override or implement a method from a supertype
    @Override
    ^
D:\Ars Zero 1.20.1\Ars-Zero-1.20.1-main\src\main\java\com\github\ars_zero\common\glyph\ConjureVoxelEffect.java:491: 
error: cannot find symbol
        super.addAugmentDescriptions(map);
             ^
  symbol: method addAugmentDescriptions(Map<AbstractAugment,String>)
D:\Ars Zero 
1.20.1\Ars-Zero-1.20.1-main\src\main\java\com\github\ars_zero\common\glyph\convergence\ChargerHelper.java:66: error: 
cannot find symbol
        for (com.hollingsworth.arsnouveau.api.spell.AbstractSpellPart part : spellContext.getSpell().recipe()) {
                                                                                                    ^
  symbol:   method recipe()
  location: class Spell
D:\Ars Zero 
1.20.1\Ars-Zero-1.20.1-main\src\main\java\com\github\ars_zero\common\glyph\convergence\EffectConvergence.java:88: 
error: level has private access in SpellContext
        if (caster == null && spellContext.tag.contains("ars_zero:turret_pos") && spellContext.level instanceof 
ServerLevel serverLevel) {
                                                                                              ^
D:\Ars Zero 
1.20.1\Ars-Zero-1.20.1-main\src\main\java\com\github\ars_zero\common\glyph\convergence\EffectConvergence.java:211: 
error: cannot find symbol
                    return soundEventHolder.value();
                                           ^
  symbol:   method value()
  location: variable soundEventHolder of type SoundEvent
D:\Ars Zero 
1.20.1\Ars-Zero-1.20.1-main\src\main\java\com\github\ars_zero\common\glyph\convergence\EffectConvergence.java:229: 
error: cannot find symbol
        ParticleEmitter particleEmitter = createStaticEmitter(entryData, position);
                                          ^
  symbol:   method createStaticEmitter(TimelineEntryData,Vec3)
  location: class EffectConvergence
D:\Ars Zero 
1.20.1\Ars-Zero-1.20.1-main\src\main\java\com\github\ars_zero\common\glyph\convergence\EffectConvergence.java:230: 
error: incompatible types: Level cannot be converted to ServerLevel
        particleEmitter.tick(level);
                             ^
D:\Ars Zero 1.20.1\Ars-Zero-1.20.1-main\src\main\java\com\github\ars_zero\common\glyph\DiscardEffect.java:51: error: 
cannot find symbol
                        obj -> obj instanceof String s && ResourceLocation.read(s).isSuccess());
                                                                                  ^
  symbol:   method isSuccess()
  location: class DataResult<ResourceLocation>
D:\Ars Zero 1.20.1\Ars-Zero-1.20.1-main\src\main\java\com\github\ars_zero\common\glyph\DiscardEffect.java:96: error: 
cannot find symbol
        ParticleEmitter particleEmitter = createStaticEmitter(entryData, position);
                                          ^
  symbol:   method createStaticEmitter(TimelineEntryData,Vec3)
  location: class DiscardEffect
D:\Ars Zero 1.20.1\Ars-Zero-1.20.1-main\src\main\java\com\github\ars_zero\common\glyph\DiscardEffect.java:97: error: 
incompatible types: Level cannot be converted to ServerLevel
        particleEmitter.tick(world);
                             ^
D:\Ars Zero 1.20.1\Ars-Zero-1.20.1-main\src\main\java\com\github\ars_zero\common\glyph\DiscardEffect.java:99: error: 
cannot find symbol
        resolveSound.sound.playSound(world, position.x, position.y, position.z);
                          ^
  symbol:   method playSound(Level,double,double,double)
  location: variable sound of type SoundValue
D:\Ars Zero 1.20.1\Ars-Zero-1.20.1-main\src\main\java\com\github\ars_zero\common\glyph\EffectBeam.java:126: error: 
method getDispensePosition in class BasicSpellTurret cannot be applied to given types;
                var dispensePos = BasicSpellTurret.getDispensePosition(aim.turretPos, aim.facing);
                                                  ^
  required: BlockSource
  found:    BlockPos,Direction
  reason: actual and formal argument lists differ in length
D:\Ars Zero 1.20.1\Ars-Zero-1.20.1-main\src\main\java\com\github\ars_zero\common\glyph\EffectBeam.java:328: error: 
method does not override or implement a method from a supertype
    @Override
    ^
D:\Ars Zero 1.20.1\Ars-Zero-1.20.1-main\src\main\java\com\github\ars_zero\common\glyph\EffectBeam.java:330: error: 
cannot find symbol
        super.addAugmentDescriptions(map);
             ^
  symbol: method addAugmentDescriptions(Map<AbstractAugment,String>)
D:\Ars Zero 1.20.1\Ars-Zero-1.20.1-main\src\main\java\com\github\ars_zero\common\glyph\EffectConjureBlight.java:58: 
warning: [removal] destroyRespectsClaim(LivingEntity,Level,BlockPos) in BlockUtil has been deprecated and marked for 
removal
        if (!BlockUtil.destroyRespectsClaim(getPlayer(shooter, world), world, pos1))
                      ^
D:\Ars Zero 1.20.1\Ars-Zero-1.20.1-main\src\main\java\com\github\ars_zero\common\glyph\EffectConjureBlight.java:63: 
error: method canPlaceLiquid in interface LiquidBlockContainer cannot be applied to given types;
        if (hitState.getBlock() instanceof LiquidBlockContainer liquidBlockContainer && 
liquidBlockContainer.canPlaceLiquid(getPlayer(shooter, world), world, pos1, world.getBlockState(pos1), 
ModFluids.BLIGHT_FLUID.get())) {
                                                                                                            ^
  required: BlockGetter,BlockPos,BlockState,Fluid
  found:    Player,ServerLevel,BlockPos,BlockState,Source
  reason: actual and formal argument lists differ in length
D:\Ars Zero 1.20.1\Ars-Zero-1.20.1-main\src\main\java\com\github\ars_zero\common\glyph\EffectConjureBlight.java:65: 
warning: [removal] tryPropagateBlockSpell(BlockHitResult,Level,LivingEntity,SpellContext,SpellResolver) in 
ShapersFocus has been deprecated and marked for removal
            ShapersFocus.tryPropagateBlockSpell(new BlockHitResult(
                        ^
D:\Ars Zero 1.20.1\Ars-Zero-1.20.1-main\src\main\java\com\github\ars_zero\common\glyph\EffectConjureBlight.java:71: 
warning: [removal] tryPropagateBlockSpell(BlockHitResult,Level,LivingEntity,SpellContext,SpellResolver) in 
ShapersFocus has been deprecated and marked for removal
            ShapersFocus.tryPropagateBlockSpell(new BlockHitResult(
                        ^
D:\Ars Zero 1.20.1\Ars-Zero-1.20.1-main\src\main\java\com\github\ars_zero\common\glyph\EffectConjureBlight.java:88: 
error: method does not override or implement a method from a supertype
    @Override
    ^
D:\Ars Zero 1.20.1\Ars-Zero-1.20.1-main\src\main\java\com\github\ars_zero\common\glyph\EffectConjureBlight.java:90: 
error: cannot find symbol
        super.addAugmentDescriptions(map);
             ^
  symbol: method addAugmentDescriptions(Map<AbstractAugment,String>)
D:\Ars Zero 1.20.1\Ars-Zero-1.20.1-main\src\main\java\com\github\ars_zero\common\glyph\EffectConjureBlight.java:91: 
error: cannot find symbol
        addBlockAoeAugmentDescriptions(map);
        ^
  symbol:   method addBlockAoeAugmentDescriptions(Map<AbstractAugment,String>)
  location: class EffectConjureBlight
D:\Ars Zero 1.20.1\Ars-Zero-1.20.1-main\src\main\java\com\github\ars_zero\common\glyph\EffectConjureBlight.java:114: 
error: cannot find symbol
        return setOf(SpellSchools.NECROMANCY);
                                 ^
  symbol:   variable NECROMANCY
  location: class SpellSchools
D:\Ars Zero 1.20.1\Ars-Zero-1.20.1-main\src\main\java\com\github\ars_zero\common\glyph\EnlargeEffect.java:75: error: 
method does not override or implement a method from a supertype
    @Override
    ^
D:\Ars Zero 1.20.1\Ars-Zero-1.20.1-main\src\main\java\com\github\ars_zero\common\glyph\EnlargeEffect.java:77: error: 
cannot find symbol
        super.addAugmentDescriptions(map);
             ^
  symbol: method addAugmentDescriptions(Map<AbstractAugment,String>)
D:\Ars Zero 
1.20.1\Ars-Zero-1.20.1-main\src\main\java\com\github\ars_zero\common\glyph\geometrize\EffectGeometrize.java:218: 
error: method does not override or implement a method from a supertype
  @Override
  ^
D:\Ars Zero 
1.20.1\Ars-Zero-1.20.1-main\src\main\java\com\github\ars_zero\common\glyph\geometrize\EffectGeometrize.java:220: 
error: cannot find symbol
    super.addAugmentDescriptions(map);
         ^
  symbol: method addAugmentDescriptions(Map<AbstractAugment,String>)
D:\Ars Zero 
1.20.1\Ars-Zero-1.20.1-main\src\main\java\com\github\ars_zero\common\glyph\geometrize\EffectGeometrize.java:264: 
error: cannot find symbol
          return soundEventHolder.value();
                                 ^
  symbol:   method value()
  location: variable soundEventHolder of type SoundEvent
D:\Ars Zero 1.20.1\Ars-Zero-1.20.1-main\src\main\java\com\github\ars_zero\common\glyph\SelectEffect.java:69: warning: 
[removal] destroyRespectsClaim(LivingEntity,Level,BlockPos) in BlockUtil has been deprecated and marked for removal
        if (!BlockUtil.destroyRespectsClaim(getPlayer(shooter, serverLevel), world, pos)) {
                      ^
D:\Ars Zero 1.20.1\Ars-Zero-1.20.1-main\src\main\java\com\github\ars_zero\common\glyph\SelectEffect.java:83: warning: 
[removal] destroyRespectsClaim(LivingEntity,Level,BlockPos) in BlockUtil has been deprecated and marked for removal
            if (!BlockUtil.destroyRespectsClaim(getPlayer(shooter, serverLevel), world, blockPos)) continue;
                          ^
D:\Ars Zero 1.20.1\Ars-Zero-1.20.1-main\src\main\java\com\github\ars_zero\common\network\PacketSetMultiPhaseSpellCastin
gSlot.java:48: warning: [removal] findEquippedCurio(Predicate<ItemStack>,LivingEntity) in ICuriosHelper has been 
deprecated and marked for removal
                Optional<ItemStack> curioStack = CuriosApi.getCuriosHelper().findEquippedCurio(
                                                                            ^
D:\Ars Zero 1.20.1\Ars-Zero-1.20.1-main\src\main\java\com\github\ars_zero\common\network\PacketUpdateMultiphaseDevicePa
rticleTimeline.java:83: warning: [removal] findEquippedCurio(Predicate<ItemStack>,LivingEntity) in ICuriosHelper has 
been deprecated and marked for removal
                .findEquippedCurio(
                ^
D:\Ars Zero 
1.20.1\Ars-Zero-1.20.1-main\src\main\java\com\github\ars_zero\common\network\PacketUpdateTickDelay.java:47: warning: 
[removal] findEquippedCurio(Predicate<ItemStack>,LivingEntity) in ICuriosHelper has been deprecated and marked for 
removal
                    .findEquippedCurio(itemStack -> itemStack.getItem() instanceof AbstractMultiPhaseCastDevice, 
player)
                    ^
D:\Ars Zero 
1.20.1\Ars-Zero-1.20.1-main\src\main\java\com\github\ars_zero\common\network\PacketUpdateCastingStyle.java:75: 
warning: [removal] findEquippedCurio(Predicate<ItemStack>,LivingEntity) in ICuriosHelper has been deprecated and 
marked for removal
                .findEquippedCurio(
                ^
D:\Ars Zero 1.20.1\Ars-Zero-1.20.1-main\src\main\java\com\github\ars_zero\common\network\PacketSetStaffSlot.java:48: 
warning: [removal] findEquippedCurio(Predicate<ItemStack>,LivingEntity) in ICuriosHelper has been deprecated and 
marked for removal
                Optional<ItemStack> curioStack = CuriosApi.getCuriosHelper().findEquippedCurio(
                                                                            ^
D:\Ars Zero 1.20.1\Ars-Zero-1.20.1-main\src\main\java\com\github\ars_zero\common\util\BlockProtectionUtil.java:33: 
warning: [removal] destroyRespectsClaim(LivingEntity,Level,BlockPos) in BlockUtil has been deprecated and marked for 
removal
    if (claimActor != null && !BlockUtil.destroyRespectsClaim(claimActor, level, pos)) {
                                        ^
D:\Ars Zero 1.20.1\Ars-Zero-1.20.1-main\src\main\java\com\github\ars_zero\common\util\BlockProtectionUtil.java:87: 
warning: [removal] destroyRespectsClaim(LivingEntity,Level,BlockPos) in BlockUtil has been deprecated and marked for 
removal
    if (claimActor != null && !BlockUtil.destroyRespectsClaim(claimActor, level, pos)) {
                                        ^
D:\Ars Zero 1.20.1\Ars-Zero-1.20.1-main\src\main\java\com\github\ars_zero\event\ArsZeroResolverEvents.java:189: 
warning: [removal] destroyRespectsClaim(LivingEntity,Level,BlockPos) in BlockUtil has been deprecated and marked for 
removal
            if (!event.world.isOutsideBuildHeight(pos) && BlockUtil.destroyRespectsClaim(player, event.world, pos)) {
                                                                   ^
D:\Ars Zero 1.20.1\Ars-Zero-1.20.1-main\src\main\java\com\github\ars_zero\event\ArsZeroResolverEvents.java:200: 
warning: [removal] destroyRespectsClaim(LivingEntity,Level,BlockPos) in BlockUtil has been deprecated and marked for 
removal
                    if (!event.world.isOutsideBuildHeight(blockPos) && BlockUtil.destroyRespectsClaim(player, 
event.world, blockPos)) {
                                                                                ^
D:\Ars Zero 1.20.1\Ars-Zero-1.20.1-main\src\main\java\com\github\ars_zero\event\CurioCastingHandler.java:125: warning: 
[removal] findEquippedCurio(Predicate<ItemStack>,LivingEntity) in ICuriosHelper has been deprecated and marked for 
removal
        return CuriosApi.getCuriosHelper().findEquippedCurio(
                                          ^
Note: Some input files use or override a deprecated API.
Note: Recompile with -Xlint:deprecation for details.
Note: Some messages have been simplified; recompile with -Xdiags:verbose to get full output
100 errors
26 warnings

> Task :compileJava FAILED

FAILURE: Build failed with an exception.

* What went wrong:
Execution failed for task ':compileJava'.
> Compilation failed; see the compiler error output for details.

* Try:
> Run with --info option to get more log output.
> Run with --scan to get full insights.

Deprecated Gradle features were used in this build, making it incompatible with Gradle 9.0.

You can use '--warning-mode all' to show the individual deprecation warnings and determine if they come from your own scripts or plugins.

For more on this, please refer to https://docs.gradle.org/8.9/userguide/command_line_interface.html#sec:command_line_warnings in the Gradle documentation.

BUILD FAILED in 6s
4 actionable tasks: 2 executed, 2 up-to-date
